[INFO] Log file: C:\Users\ninja\Documents\melodiccap\MelodicCapStudio\logs\capture_session_20260301_204429.log
[INFO] Session started: 2026-03-01T20:44:29.813170
[INFO] Python: 3.12.6 (tags/v3.12.6:a4a2d2b, Sep  6 2024, 20:11:23) [MSC v.1940 64 bit (AMD64)]
[INFO] OpenCV: 4.12.0
[INFO] MediaPipe: 0.10.14
[INFO] ============================================================
[INFO] MELODICCAP STUDIO - MOTION CAPTURE v2.0
[INFO] ============================================================
[INFO] 
  Configuration:
[INFO]     Camera A index: 2
[INFO]     Camera B index: 0
[INFO]     Countdown: 10s
[INFO]     Grace period: 30 frames
[INFO]     Outlier threshold: 5.0m
[INFO]     Min visibility: 0.3
[INFO]     MediaPipe complexity: 1
[INFO]     MediaPipe detection conf: 0.3
[INFO]     MediaPipe tracking conf: 0.3
[INFO]     Base dir: C:\Users\ninja\Documents\melodiccap\MelodicCapStudio
[INFO]     Calibration file: C:\Users\ninja\Documents\melodiccap\MelodicCapStudio\calibration\stereo_calibration.json
[INFO]     Takes dir: C:\Users\ninja\Documents\melodiccap\MelodicCapStudio\takes
[INFO] 
[CAMERAS]
[INFO]   Opening Camera A (index 2, DSHOW)...
[INFO]     Native: 1280x720 @ 0.0fps
[INFO]   Opening Camera B (index 0, CAP_ANY)...
[INFO]     Native: 1280x720 @ 30.0fps
[INFO] 
  Processing resolution: 1280x720
[INFO]     Both cameras match - no resizing needed
[INFO] 
[CALIBRATION] Loaded (v5.3-robust, Stereo RMS: 0.4324, Baseline: 1.436m)
[INFO] [FLOOR] Offset: 0.8017m
[INFO] 
[CONTROLS]
[INFO]   C = Collect calibration frames (hold board visible to both cameras)
[INFO]   S = Run stereo calibration (after collecting 15+ frames)
[INFO]   F = Floor calibration (lay board flat on floor)
[INFO]   R = Start/stop recording motion capture
[INFO]   Q = Quit
[INFO] [CAL] Collection started
[INFO] [CAL] Frame 1: 5 common corners
[INFO] [CAL] Frame 2: 6 common corners
[INFO] [CAL] Frame 3: 4 common corners
[INFO] [CAL] Frame 4: 4 common corners
[INFO] [CAL] Frame 5: 4 common corners
[INFO] [CAL] Frame 6: 6 common corners
[INFO] [CAL] Frame 7: 4 common corners
[INFO] [CAL] Frame 8: 4 common corners
[INFO] [CAL] Frame 9: 6 common corners
[INFO] [CAL] Frame 10: 6 common corners
[INFO] [CAL] Frame 11: 6 common corners
[INFO] [CAL] Frame 12: 6 common corners
[INFO] [CAL] Frame 13: 6 common corners
[INFO] [CAL] Frame 14: 6 common corners
[INFO] [CAL] Frame 15: 6 common corners
[INFO] [CAL] Frame 16: 6 common corners
[INFO] [CAL] Frame 17: 6 common corners
[INFO] [CAL] Frame 18: 6 common corners
[INFO] [CAL] Frame 19: 4 common corners
[INFO] [CAL] Frame 20: 6 common corners
[INFO] [CAL] Frame 21: 4 common corners
[INFO] [CAL] Frame 22: 4 common corners
[INFO] [CAL] Frame 23: 4 common corners
[INFO] [CAL] Frame 24: 6 common corners
[INFO] [CAL] Frame 25: 6 common corners
[INFO] [CAL] Frame 26: 6 common corners
[INFO] [CAL] Frame 27: 6 common corners
[INFO] [CAL] Frame 28: 6 common corners
[INFO] [CAL] Frame 29: 4 common corners
[INFO] [CAL] Frame 30: 6 common corners
[INFO] [CAL] Frame 31: 6 common corners
[INFO] [CAL] Frame 32: 6 common corners
[INFO] [CAL] Frame 33: 6 common corners
[INFO] [CAL] Frame 34: 6 common corners
[INFO] [CAL] Frame 35: 6 common corners
[INFO] [CAL] Frame 36: 4 common corners
[INFO] [CAL] Frame 37: 4 common corners
[INFO] [CAL] Frame 38: 6 common corners
[INFO] [CAL] Frame 39: 4 common corners
[INFO] [CAL] Frame 40: 6 common corners
[INFO] [CAL] Frame 41: 6 common corners
[INFO] [CAL] Frame 42: 6 common corners
[INFO] [CAL] Frame 43: 6 common corners
[INFO] [CAL] Frame 44: 4 common corners
[INFO] [CAL] Frame 45: 4 common corners
[INFO] [CAL] Frame 46: 4 common corners
[INFO] [CAL] Frame 47: 6 common corners
[INFO] [CAL] Frame 48: 6 common corners
[INFO] [CAL] Frame 49: 6 common corners
[INFO] [CAL] Frame 50: 4 common corners
[INFO] [CAL] Frame 51: 4 common corners
[INFO] [CAL] Frame 52: 4 common corners
[INFO] [CAL] Frame 53: 4 common corners
[INFO] [CAL] Frame 54: 4 common corners
[INFO] [CAL] Frame 55: 6 common corners
[INFO] [CAL] Frame 56: 6 common corners
[INFO] ==================================================
[INFO] STEREO CALIBRATION
[INFO] ==================================================
[INFO]   Frame 0: 5 common corners
[INFO]   Frame 1: 6 common corners
[INFO]   Frame 2: 4 common corners
[INFO]   Frame 3: 4 common corners
[INFO]   Frame 4: 4 common corners
[INFO]   Frame 5: 6 common corners
[INFO]   Frame 6: 4 common corners
[INFO]   Frame 7: 4 common corners
[INFO]   Frame 8: 6 common corners
[INFO]   Frame 9: 6 common corners
[INFO]   Frame 10: 6 common corners
[INFO]   Frame 11: 6 common corners
[INFO]   Frame 12: 6 common corners
[INFO]   Frame 13: 6 common corners
[INFO]   Frame 14: 6 common corners
[INFO]   Frame 15: 6 common corners
[INFO]   Frame 16: 6 common corners
[INFO]   Frame 17: 6 common corners
[INFO]   Frame 18: 4 common corners
[INFO]   Frame 19: 6 common corners
[INFO]   Frame 20: 4 common corners
[INFO]   Frame 21: 4 common corners
[INFO]   Frame 22: 4 common corners
[INFO]   Frame 23: 6 common corners
[INFO]   Frame 24: 6 common corners
[INFO]   Frame 25: 6 common corners
[INFO]   Frame 26: 6 common corners
[INFO]   Frame 27: 6 common corners
[INFO]   Frame 28: 4 common corners
[INFO]   Frame 29: 6 common corners
[INFO]   Frame 30: 6 common corners
[INFO]   Frame 31: 6 common corners
[INFO]   Frame 32: 6 common corners
[INFO]   Frame 33: 6 common corners
[INFO]   Frame 34: 6 common corners
[INFO]   Frame 35: 4 common corners
[INFO]   Frame 36: 4 common corners
[INFO]   Frame 37: 6 common corners
[INFO]   Frame 38: 4 common corners
[INFO]   Frame 39: 6 common corners
[INFO]   Frame 40: 6 common corners
[INFO]   Frame 41: 6 common corners
[INFO]   Frame 42: 6 common corners
[INFO]   Frame 43: 4 common corners
[INFO]   Frame 44: 4 common corners
[INFO]   Frame 45: 4 common corners
[INFO]   Frame 46: 6 common corners
[INFO]   Frame 47: 6 common corners
[INFO]   Frame 48: 6 common corners
[INFO]   Frame 49: 4 common corners
[INFO]   Frame 50: 4 common corners
[INFO]   Frame 51: 4 common corners
[INFO]   Frame 52: 4 common corners
[INFO]   Frame 53: 4 common corners
[INFO]   Frame 54: 6 common corners
[INFO]   Frame 55: 6 common corners
[INFO] Valid pairs: 56/56
[INFO] Calibrating Camera A...
[INFO]   RMS: 0.2915
[INFO]   K1 (focal): fx=332.7, fy=357.2
[INFO]   K1 (center): cx=662.8, cy=364.7
[INFO]   D1: [-0.11585867 -0.059894   -0.02770192  0.00327542  0.07870317]
[INFO] Calibrating Camera B...
[INFO]   RMS: 0.2736
[INFO]   K2 (focal): fx=344.8, fy=413.3
[INFO]   K2 (center): cx=624.6, cy=360.7
[INFO]   D2: [ 0.04412071  0.02234977 -0.01637526 -0.04481174 -0.00793308]
[INFO] Stereo calibration...
[INFO]   Stereo RMS: 19.2463
[INFO]   Baseline: 1.737m
[INFO]   R: [[0.5482822568996453, -0.06390891083482098, 0.8338478385682476], [0.09189922306712806, 0.9956416404936653, 0.015882585266294578], [-0.831228668639797, 0.06792182882542094, 0.5517658249659184]]
[INFO]   T: [-1.2494878617884233, -0.0756014365323045, 1.2037592657991023]
[INFO] [FLOOR] Mode ON
[INFO]   Floor calibration: 4 points
[INFO]     Blender Z values: [-0.9853814 -1.0192618 -1.0056812 -0.9877298]
[INFO]     Mean: -0.9995m, Std: 0.0138m, Range: 0.0339m
[INFO]     Floor offset: 0.9995m
[INFO] [FLOOR] Floor offset: 1.000m (std: 0.014m)
[INFO] [REC] Countdown started
[INFO] [REC] Recording started
[INFO] [REC] Recording stopped
[INFO] 
============================================================
[INFO] TAKE SAVED
[INFO] ============================================================
[INFO]   File: C:\Users\ninja\Documents\melodiccap\MelodicCapStudio\takes\take_20260301_205200.json
[INFO]   Size: 0.6 MB
[INFO]   Duration: 25.2s
[INFO]   Recorded frames: 263
[INFO]   Predicted frames: 4
[INFO]   Dropped frames: 0
[INFO]   FPS: 10.5
[INFO]   Total outliers filtered: 12
[INFO] 
  Camera tracking:
[INFO]     Total frames processed: 263
[INFO]     Camera A lost: 4 (1%)
[INFO]     Camera B lost: 0 (0%)
[INFO]     Both lost: 0 (0%)
[INFO] 
  Frame timing:
[INFO]     Mean grab delay: 0.23ms
[INFO]     Max grab delay: 1.55ms
[INFO]     Std grab delay: 0.31ms
[INFO] 
  Landmark visibility (sorted by coverage):
[INFO]     [ 0] nose                : vis=1.000  coverage=98.5%  (259/263 frames)
[INFO]     [ 1] left_eye_inner      : vis=1.000  coverage=98.5%  (259/263 frames)
[INFO]     [ 2] left_eye            : vis=1.000  coverage=98.5%  (259/263 frames)
[INFO]     [ 3] left_eye_outer      : vis=1.000  coverage=98.5%  (259/263 frames)
[INFO]     [ 4] right_eye_inner     : vis=1.000  coverage=98.5%  (259/263 frames)
[INFO]     [ 5] right_eye           : vis=1.000  coverage=98.5%  (259/263 frames)
[INFO]     [ 6] right_eye_outer     : vis=1.000  coverage=98.5%  (259/263 frames)
[INFO]     [ 7] left_ear            : vis=1.000  coverage=98.5%  (259/263 frames)
[INFO]     [ 8] right_ear           : vis=1.000  coverage=98.5%  (259/263 frames)
[INFO]     [ 9] mouth_left          : vis=1.000  coverage=98.5%  (259/263 frames)
[INFO]     [10] mouth_right         : vis=1.000  coverage=98.5%  (259/263 frames)
[INFO]     [11] left_shoulder       : vis=1.000  coverage=98.5%  (259/263 frames)
[INFO]     [12] right_shoulder      : vis=1.000  coverage=98.5%  (259/263 frames)
[INFO]     [15] left_wrist          : vis=0.939  coverage=98.5%  (259/263 frames)
[INFO]     [17] left_pinky          : vis=0.917  coverage=98.5%  (259/263 frames)
[INFO]     [19] left_index          : vis=0.923  coverage=98.5%  (259/263 frames)
[INFO]     [21] left_thumb          : vis=0.917  coverage=98.5%  (259/263 frames)
[INFO]     [23] left_hip            : vis=1.000  coverage=98.5%  (259/263 frames)
[INFO]     [24] right_hip           : vis=1.000  coverage=98.5%  (259/263 frames)
[INFO]     [25] left_knee           : vis=0.922  coverage=98.5%  (259/263 frames)
[INFO]     [26] right_knee          : vis=0.957  coverage=98.5%  (259/263 frames)
[INFO]     [27] left_ankle          : vis=0.955  coverage=98.5%  (259/263 frames)
[INFO]     [28] right_ankle         : vis=0.963  coverage=98.5%  (259/263 frames)
[INFO]     [29] left_heel           : vis=0.902  coverage=98.5%  (259/263 frames)
[INFO]     [30] right_heel          : vis=0.848  coverage=98.5%  (259/263 frames)
[INFO]     [31] left_foot_index     : vis=0.958  coverage=98.5%  (259/263 frames)
[INFO]     [32] right_foot_index    : vis=0.963  coverage=98.5%  (259/263 frames)
[INFO]     [13] left_elbow          : vis=0.904  coverage=95.4%  (251/263 frames)
[INFO]     [16] right_wrist         : vis=0.943  coverage=93.9%  (247/263 frames)
[INFO]     [18] right_pinky         : vis=0.922  coverage=93.9%  (247/263 frames)
[INFO]     [20] right_index         : vis=0.925  coverage=93.9%  (247/263 frames)
[INFO]     [22] right_thumb         : vis=0.920  coverage=93.9%  (247/263 frames)
[INFO]     [14] right_elbow         : vis=0.950  coverage=92.0%  (242/263 frames)
[INFO] [REC] Countdown started
[INFO] [REC] Recording started
[INFO] [REC] Recording stopped
[INFO] 
============================================================
[INFO] TAKE SAVED
[INFO] ============================================================
[INFO]   File: C:\Users\ninja\Documents\melodiccap\MelodicCapStudio\takes\take_20260301_205241.json
[INFO]   Size: 0.6 MB
[INFO]   Duration: 26.4s
[INFO]   Recorded frames: 275
[INFO]   Predicted frames: 0
[INFO]   Dropped frames: 0
[INFO]   FPS: 10.4
[INFO]   Total outliers filtered: 116
[INFO] 
  Camera tracking:
[INFO]     Total frames processed: 275
[INFO]     Camera A lost: 0 (0%)
[INFO]     Camera B lost: 0 (0%)
[INFO]     Both lost: 0 (0%)
[INFO] 
  Frame timing:
[INFO]     Mean grab delay: 0.22ms
[INFO]     Max grab delay: 1.87ms
[INFO]     Std grab delay: 0.32ms
[INFO] 
  Landmark visibility (sorted by coverage):
[INFO]     [ 0] nose                : vis=1.000  coverage=100.0%  (275/275 frames)
[INFO]     [ 1] left_eye_inner      : vis=1.000  coverage=100.0%  (275/275 frames)
[INFO]     [ 2] left_eye            : vis=1.000  coverage=100.0%  (275/275 frames)
[INFO]     [ 3] left_eye_outer      : vis=1.000  coverage=100.0%  (275/275 frames)
[INFO]     [ 4] right_eye_inner     : vis=0.999  coverage=100.0%  (275/275 frames)
[INFO]     [ 5] right_eye           : vis=0.999  coverage=100.0%  (275/275 frames)
[INFO]     [ 6] right_eye_outer     : vis=0.999  coverage=100.0%  (275/275 frames)
[INFO]     [ 7] left_ear            : vis=0.999  coverage=100.0%  (275/275 frames)
[INFO]     [ 8] right_ear           : vis=0.999  coverage=100.0%  (275/275 frames)
[INFO]     [ 9] mouth_left          : vis=1.000  coverage=100.0%  (275/275 frames)
[INFO]     [10] mouth_right         : vis=1.000  coverage=100.0%  (275/275 frames)
[INFO]     [11] left_shoulder       : vis=1.000  coverage=100.0%  (275/275 frames)
[INFO]     [12] right_shoulder      : vis=1.000  coverage=100.0%  (275/275 frames)
[INFO]     [23] left_hip            : vis=1.000  coverage=100.0%  (275/275 frames)
[INFO]     [24] right_hip           : vis=1.000  coverage=100.0%  (275/275 frames)
[INFO]     [25] left_knee           : vis=0.881  coverage=100.0%  (275/275 frames)
[INFO]     [26] right_knee          : vis=0.936  coverage=100.0%  (275/275 frames)
[INFO]     [27] left_ankle          : vis=0.915  coverage=100.0%  (275/275 frames)
[INFO]     [28] right_ankle         : vis=0.941  coverage=100.0%  (275/275 frames)
[INFO]     [29] left_heel           : vis=0.829  coverage=100.0%  (275/275 frames)
[INFO]     [30] right_heel          : vis=0.781  coverage=100.0%  (275/275 frames)
[INFO]     [31] left_foot_index     : vis=0.920  coverage=100.0%  (275/275 frames)
[INFO]     [32] right_foot_index    : vis=0.939  coverage=100.0%  (275/275 frames)
[INFO]     [19] left_index          : vis=0.948  coverage=97.8%  (269/275 frames)
[INFO]     [15] left_wrist          : vis=0.960  coverage=97.5%  (268/275 frames)
[INFO]     [17] left_pinky          : vis=0.946  coverage=97.5%  (268/275 frames)
[INFO]     [21] left_thumb          : vis=0.945  coverage=97.5%  (268/275 frames)
[INFO]     [16] right_wrist         : vis=0.942  coverage=96.4%  (265/275 frames)
[INFO]     [18] right_pinky         : vis=0.921  coverage=96.4%  (265/275 frames)
[INFO]     [20] right_index         : vis=0.924  coverage=96.4%  (265/275 frames)
[INFO]     [22] right_thumb         : vis=0.919  coverage=96.4%  (265/275 frames)
[INFO]     [13] left_elbow          : vis=0.953  coverage=94.9%  (261/275 frames)
[INFO]     [14] right_elbow         : vis=0.954  coverage=92.4%  (254/275 frames)
[INFO] 
[DONE] Session ended
